
[TestDecrypt/dotenv/encrypted-best-secret.env - 1]
banane=yellow
crypt="ajkscbuiuXA34%%&&=

---
