
[TestDecrypt/sopsfile.enc-age.yaml - 1]
key1: value1
key2: 12345
key3: false

---
