
[Test_ToStringMap/1.simple - 1]
map[string][]uint8{
    "bool":   {0x74, 0x72, 0x75, 0x65},
    "number": {0x31, 0x2e, 0x31},
    "string": {0x65, 0x78, 0x61, 0x6d, 0x70, 0x6c, 0x65, 0x73, 0x74, 0x72, 0x69, 0x6e, 0x67},
}
---
