
[Test_ToYAML/1.simple - 1]
bool: true
number: 1.1
string: examplestring

---
