
[Test_Stringify/1.simple - 1]
&data.Data{
    parsed: &map[string]interface {}{
        "bool":   "true",
        "number": "1.1",
        "string": "examplestring",
    },
    raw:  (*[]uint8)(nil),
    Hash: (*string)(nil),
}
---
