
[Test_ToYAML/2.nested - 1]
bool: true
nested:
    bool: true
    number: 1.1
    string: examplestring
number: 1.1
string: examplestring

---
