
[Test_FromJSON/3.array - 1]
&data.Data{
    parsed: &[]interface {}{
        map[string]interface {}{
            "bool":   bool(true),
            "number": float64(1.1),
            "string": "examplestring",
        },
        map[string]interface {}{
            "bool":   bool(true),
            "number": float64(1.1),
            "string": "examplestring",
        },
    },
    raw:  &[]uint8{0x5b, 0xa, 0x20, 0x20, 0x7b, 0xa, 0x20, 0x20, 0x20, 0x20, 0x22, 0x62, 0x6f, 0x6f, 0x6c, 0x22, 0x3a, 0x20, 0x74, 0x72, 0x75, 0x65, 0x2c, 0xa, 0x20, 0x20, 0x20, 0x20, 0x22, 0x6e, 0x75, 0x6d, 0x62, 0x65, 0x72, 0x22, 0x3a, 0x20, 0x31, 0x2e, 0x31, 0x2c, 0xa, 0x20, 0x20, 0x20, 0x20, 0x22, 0x73, 0x74, 0x72, 0x69, 0x6e, 0x67, 0x22, 0x3a, 0x20, 0x22, 0x65, 0x78, 0x61, 0x6d, 0x70, 0x6c, 0x65, 0x73, 0x74, 0x72, 0x69, 0x6e, 0x67, 0x22, 0xa, 0x20, 0x20, 0x7d, 0x2c, 0xa, 0x20, 0x20, 0x7b, 0xa, 0x20, 0x20, 0x20, 0x20, 0x22, 0x62, 0x6f, 0x6f, 0x6c, 0x22, 0x3a, 0x20, 0x74, 0x72, 0x75, 0x65, 0x2c, 0xa, 0x20, 0x20, 0x20, 0x20, 0x22, 0x6e, 0x75, 0x6d, 0x62, 0x65, 0x72, 0x22, 0x3a, 0x20, 0x31, 0x2e, 0x31, 0x2c, 0xa, 0x20, 0x20, 0x20, 0x20, 0x22, 0x73, 0x74, 0x72, 0x69, 0x6e, 0x67, 0x22, 0x3a, 0x20, 0x22, 0x65, 0x78, 0x61, 0x6d, 0x70, 0x6c, 0x65, 0x73, 0x74, 0x72, 0x69, 0x6e, 0x67, 0x22, 0xa, 0x20, 0x20, 0x7d, 0xa, 0x5d},
    hash: (*string)(nil),
}
---
