[
  {
    "bool": true,
    "number": 1.1,
    "string": "examplestring"
  },
  {
    "bool": true,
    "number": 1.1,
    "string": "examplestring"
  }
]