// Jest Snapshot v1, https://goo.gl/fbAQLP

exports[`parameters 1 parameter - full snapshot 1`] = `
Object {
  "SopsSecretParameterProviderManagedPolicyParameterAccess03C7CE5D3": Object {
    "Properties": Object {
      "Description": "Policy to grant parameter provider permissions to put parameter",
      "Path": "/",
      "PolicyDocument": Object {
        "Statement": Array [
          Object {
            "Action": "ssm:PutParameter",
            "Effect": "Allow",
            "Resource": Object {
              "Fn::Join": Array [
                "",
                Array [
                  "arn:aws:ssm:",
                  Object {
                    "Ref": "AWS::Region",
                  },
                  ":",
                  Object {
                    "Ref": "AWS::AccountId",
                  },
                  ":parameter/parameter0",
                ],
              ],
            },
          },
        ],
        "Version": "2012-10-17",
      },
    },
    "Type": "AWS::IAM::ManagedPolicy",
  },
}
`;

exports[`parameters 100 parameter - snapshot count 1`] = `
Array [
  "SopsSecretParameterProviderManagedPolicyParameterAccess03C7CE5D3",
  "SopsSecretParameterProviderManagedPolicyParameterAccess1E27103A2",
]
`;

exports[`parameters 1000 parameter - snapshot count 1`] = `
Array [
  "SopsSecretParameterProviderManagedPolicyParameterAccess03C7CE5D3",
  "SopsSecretParameterProviderManagedPolicyParameterAccess1E27103A2",
  "SopsSecretParameterProviderManagedPolicyParameterAccess204C56AEE",
  "SopsSecretParameterProviderManagedPolicyParameterAccess39C2C7238",
  "SopsSecretParameterProviderManagedPolicyParameterAccess4810168FC",
  "SopsSecretParameterProviderManagedPolicyParameterAccess5A4020F4D",
  "SopsSecretParameterProviderManagedPolicyParameterAccess6D18916A5",
  "SopsSecretParameterProviderManagedPolicyParameterAccess7C1D2D5DD",
  "SopsSecretParameterProviderManagedPolicyParameterAccess881B83B3B",
  "SopsSecretParameterProviderManagedPolicyParameterAccess9F6C18C5F",
  "SopsSecretParameterProviderManagedPolicyParameterAccess10B80D3BA8",
  "SopsSecretParameterProviderManagedPolicyParameterAccess118D826D5D",
]
`;
