
[TestIntegration_HandleRequestWithClients/03-SECRET-dotenv.json - 1]
&"03-SECRET-dotenv"
[]uint8(nil)
&"{\n  \"apiKey\": \"sk-1234567890abcdef\",\n  \"database:host\": \"db.example.com\",\n  \"database:password\": \"P@ssw0rd!\",\n  \"database:user\": \"admin\",\n  \"someOtherKey\": \"base64:aGFsbG8gd2VsdAo=\",\n  \"specific:HTLMEncodingTest3\": \"@\",\n  \"specific:HTMLEncodingTest1\": \"test \\u003ctest@test.test\\u003e\",\n  \"specific:HTMLEncodingTest2\": \"\\u0026\",\n  \"specific:SpecialCharacters\": \"\\\"ajkscbuiuXA34%%\\u0026\\u0026=\",\n  \"specific:boolean\": \"True\",\n  \"specific:null\": \"\",\n  \"specific:number1\": \"123\",\n  \"specific:number2\": \"123.456\",\n  \"tokens:0:service\": \"service1\",\n  \"tokens:0:token\": \"token1\",\n  \"tokens:1:service\": \"service2\",\n  \"tokens:1:token\": \"token2\"\n}"
---
