
[TestIntegration_HandleRequestWithClients/23-SECRET_BINARY-dotenv.json - 1]
&"23-SECRET_BINARY-dotenv"
[]uint8{0x61, 0x70, 0x69, 0x4b, 0x65, 0x79, 0x3d, 0x73, 0x6b, 0x2d, 0x31, 0x32, 0x33, 0x34, 0x35, 0x36, 0x37, 0x38, 0x39, 0x30, 0x61, 0x62, 0x63, 0x64, 0x65, 0x66, 0xa, 0x64, 0x61, 0x74, 0x61, 0x62, 0x61, 0x73, 0x65, 0x3a, 0x68, 0x6f, 0x73, 0x74, 0x3d, 0x64, 0x62, 0x2e, 0x65, 0x78, 0x61, 0x6d, 0x70, 0x6c, 0x65, 0x2e, 0x63, 0x6f, 0x6d, 0xa, 0x64, 0x61, 0x74, 0x61, 0x62, 0x61, 0x73, 0x65, 0x3a, 0x70, 0x61, 0x73, 0x73, 0x77, 0x6f, 0x72, 0x64, 0x3d, 0x50, 0x40, 0x73, 0x73, 0x77, 0x30, 0x72, 0x64, 0x21, 0xa, 0x64, 0x61, 0x74, 0x61, 0x62, 0x61, 0x73, 0x65, 0x3a, 0x75, 0x73, 0x65, 0x72, 0x3d, 0x61, 0x64, 0x6d, 0x69, 0x6e, 0xa, 0x73, 0x6f, 0x6d, 0x65, 0x4f, 0x74, 0x68, 0x65, 0x72, 0x4b, 0x65, 0x79, 0x3d, 0x62, 0x61, 0x73, 0x65, 0x36, 0x34, 0x3a, 0x61, 0x47, 0x46, 0x73, 0x62, 0x47, 0x38, 0x67, 0x64, 0x32, 0x56, 0x73, 0x64, 0x41, 0x6f, 0x3d, 0xa, 0x73, 0x70, 0x65, 0x63, 0x69, 0x66, 0x69, 0x63, 0x3a, 0x62, 0x6f, 0x6f, 0x6c, 0x65, 0x61, 0x6e, 0x3d, 0x54, 0x72, 0x75, 0x65, 0xa, 0x73, 0x70, 0x65, 0x63, 0x69, 0x66, 0x69, 0x63, 0x3a, 0x53, 0x70, 0x65, 0x63, 0x69, 0x61, 0x6c, 0x43, 0x68, 0x61, 0x72, 0x61, 0x63, 0x74, 0x65, 0x72, 0x73, 0x3d, 0x22, 0x61, 0x6a, 0x6b, 0x73, 0x63, 0x62, 0x75, 0x69, 0x75, 0x58, 0x41, 0x33, 0x34, 0x25, 0x25, 0x26, 0x26, 0x3d, 0xa, 0x73, 0x70, 0x65, 0x63, 0x69, 0x66, 0x69, 0x63, 0x3a, 0x48, 0x54, 0x4c, 0x4d, 0x45, 0x6e, 0x63, 0x6f, 0x64, 0x69, 0x6e, 0x67, 0x54, 0x65, 0x73, 0x74, 0x33, 0x3d, 0x40, 0xa, 0x73, 0x70, 0x65, 0x63, 0x69, 0x66, 0x69, 0x63, 0x3a, 0x48, 0x54, 0x4d, 0x4c, 0x45, 0x6e, 0x63, 0x6f, 0x64, 0x69, 0x6e, 0x67, 0x54, 0x65, 0x73, 0x74, 0x31, 0x3d, 0x74, 0x65, 0x73, 0x74, 0x20, 0x3c, 0x74, 0x65, 0x73, 0x74, 0x40, 0x74, 0x65, 0x73, 0x74, 0x2e, 0x74, 0x65, 0x73, 0x74, 0x3e, 0xa, 0x73, 0x70, 0x65, 0x63, 0x69, 0x66, 0x69, 0x63, 0x3a, 0x48, 0x54, 0x4d, 0x4c, 0x45, 0x6e, 0x63, 0x6f, 0x64, 0x69, 0x6e, 0x67, 0x54, 0x65, 0x73, 0x74, 0x32, 0x3d, 0x26, 0xa, 0x73, 0x70, 0x65, 0x63, 0x69, 0x66, 0x69, 0x63, 0x3a, 0x6e, 0x75, 0x6c, 0x6c, 0x3d, 0xa, 0x73, 0x70, 0x65, 0x63, 0x69, 0x66, 0x69, 0x63, 0x3a, 0x6e, 0x75, 0x6d, 0x62, 0x65, 0x72, 0x31, 0x3d, 0x31, 0x32, 0x33, 0xa, 0x73, 0x70, 0x65, 0x63, 0x69, 0x66, 0x69, 0x63, 0x3a, 0x6e, 0x75, 0x6d, 0x62, 0x65, 0x72, 0x32, 0x3d, 0x31, 0x32, 0x33, 0x2e, 0x34, 0x35, 0x36, 0xa, 0x74, 0x6f, 0x6b, 0x65, 0x6e, 0x73, 0x3a, 0x30, 0x3a, 0x73, 0x65, 0x72, 0x76, 0x69, 0x63, 0x65, 0x3d, 0x73, 0x65, 0x72, 0x76, 0x69, 0x63, 0x65, 0x31, 0xa, 0x74, 0x6f, 0x6b, 0x65, 0x6e, 0x73, 0x3a, 0x30, 0x3a, 0x74, 0x6f, 0x6b, 0x65, 0x6e, 0x3d, 0x74, 0x6f, 0x6b, 0x65, 0x6e, 0x31, 0xa, 0x74, 0x6f, 0x6b, 0x65, 0x6e, 0x73, 0x3a, 0x31, 0x3a, 0x73, 0x65, 0x72, 0x76, 0x69, 0x63, 0x65, 0x3d, 0x73, 0x65, 0x72, 0x76, 0x69, 0x63, 0x65, 0x32, 0xa, 0x74, 0x6f, 0x6b, 0x65, 0x6e, 0x73, 0x3a, 0x31, 0x3a, 0x74, 0x6f, 0x6b, 0x65, 0x6e, 0x3d, 0x74, 0x6f, 0x6b, 0x65, 0x6e, 0x32, 0xa}
(*string)(nil)
---
