
[TestHandleRequestWithClients/42-PARAMETER_MULTI-yaml.json - 1]
main.getObjectCalls{
    "test-secrets/testsecret.sops.yaml": {Bucket:"cdk-hnb659fds-assets-505755377845-eu-central-1", Key:"test-secrets/testsecret.sops.yaml"},
}
main.getObjectEtagCalls{
    "test-secrets/testsecret.sops.yaml": {Bucket:"cdk-hnb659fds-assets-505755377845-eu-central-1", Key:"test-secrets/testsecret.sops.yaml"},
}
main.putParameterCalls{
    "/42-PARAMETER_MULTI-yaml/apiKey": map[string]interface {}{
        "keyId":            "arn:aws:kms:eu-central-1:505755377845:key/58b75958-883a-440c-842c-85af5d33a5bb",
        "parameterContent": "sk-1234567890abcdef",
    },
    "/42-PARAMETER_MULTI-yaml/database/host": map[string]interface {}{
        "keyId":            "arn:aws:kms:eu-central-1:505755377845:key/58b75958-883a-440c-842c-85af5d33a5bb",
        "parameterContent": "db.example.com",
    },
    "/42-PARAMETER_MULTI-yaml/database/password": map[string]interface {}{
        "keyId":            "arn:aws:kms:eu-central-1:505755377845:key/58b75958-883a-440c-842c-85af5d33a5bb",
        "parameterContent": "P@ssw0rd!",
    },
    "/42-PARAMETER_MULTI-yaml/database/user": map[string]interface {}{
        "keyId":            "arn:aws:kms:eu-central-1:505755377845:key/58b75958-883a-440c-842c-85af5d33a5bb",
        "parameterContent": "admin",
    },
    "/42-PARAMETER_MULTI-yaml/someOtherKey": map[string]interface {}{
        "keyId":            "arn:aws:kms:eu-central-1:505755377845:key/58b75958-883a-440c-842c-85af5d33a5bb",
        "parameterContent": "base64:aGFsbG8gd2VsdAo=",
    },
    "/42-PARAMETER_MULTI-yaml/specific/HTLMEncodingTest3": map[string]interface {}{
        "keyId":            "arn:aws:kms:eu-central-1:505755377845:key/58b75958-883a-440c-842c-85af5d33a5bb",
        "parameterContent": "@",
    },
    "/42-PARAMETER_MULTI-yaml/specific/HTMLEncodingTest1": map[string]interface {}{
        "keyId":            "arn:aws:kms:eu-central-1:505755377845:key/58b75958-883a-440c-842c-85af5d33a5bb",
        "parameterContent": "test <test@test.test>",
    },
    "/42-PARAMETER_MULTI-yaml/specific/HTMLEncodingTest2": map[string]interface {}{
        "keyId":            "arn:aws:kms:eu-central-1:505755377845:key/58b75958-883a-440c-842c-85af5d33a5bb",
        "parameterContent": "&",
    },
    "/42-PARAMETER_MULTI-yaml/specific/SpecialCharacters": map[string]interface {}{
        "keyId":            "arn:aws:kms:eu-central-1:505755377845:key/58b75958-883a-440c-842c-85af5d33a5bb",
        "parameterContent": "\"ajkscbuiuXA34%%&&=",
    },
    "/42-PARAMETER_MULTI-yaml/specific/boolean": map[string]interface {}{
        "keyId":            "arn:aws:kms:eu-central-1:505755377845:key/58b75958-883a-440c-842c-85af5d33a5bb",
        "parameterContent": "true",
    },
    "/42-PARAMETER_MULTI-yaml/specific/null": map[string]interface {}{
        "keyId":            "arn:aws:kms:eu-central-1:505755377845:key/58b75958-883a-440c-842c-85af5d33a5bb",
        "parameterContent": "<empty>",
    },
    "/42-PARAMETER_MULTI-yaml/specific/number1": map[string]interface {}{
        "keyId":            "arn:aws:kms:eu-central-1:505755377845:key/58b75958-883a-440c-842c-85af5d33a5bb",
        "parameterContent": "123",
    },
    "/42-PARAMETER_MULTI-yaml/specific/number2": map[string]interface {}{
        "keyId":            "arn:aws:kms:eu-central-1:505755377845:key/58b75958-883a-440c-842c-85af5d33a5bb",
        "parameterContent": "123.456",
    },
    "/42-PARAMETER_MULTI-yaml/tokens/0/service": map[string]interface {}{
        "keyId":            "arn:aws:kms:eu-central-1:505755377845:key/58b75958-883a-440c-842c-85af5d33a5bb",
        "parameterContent": "service1",
    },
    "/42-PARAMETER_MULTI-yaml/tokens/0/token": map[string]interface {}{
        "keyId":            "arn:aws:kms:eu-central-1:505755377845:key/58b75958-883a-440c-842c-85af5d33a5bb",
        "parameterContent": "token1",
    },
    "/42-PARAMETER_MULTI-yaml/tokens/1/service": map[string]interface {}{
        "keyId":            "arn:aws:kms:eu-central-1:505755377845:key/58b75958-883a-440c-842c-85af5d33a5bb",
        "parameterContent": "service2",
    },
    "/42-PARAMETER_MULTI-yaml/tokens/1/token": map[string]interface {}{
        "keyId":            "arn:aws:kms:eu-central-1:505755377845:key/58b75958-883a-440c-842c-85af5d33a5bb",
        "parameterContent": "token2",
    },
}
main.putSecretValueCalls{
}
---
